Development branch:    unknown
Revision id:           unknown
#----------------------------------------------
Open FUSION Toolkit Initialized
Parallelization Info:
  # of MPI tasks      =    1
  # of NUMA nodes     =    1
  # of OpenMP threads =    8
Fortran input file    = oft.in
XML input file        = none
Integer Precisions    =    4   8
Float Precisions      =    4   8  10
Complex Precisions    =    4   8
LA backend            = native
#----------------------------------------------


**** Loading OFT surface mesh
  Square surface mesh:
    Mesh Type   =    1
    nx, ny      =    4 160
    Scale facs  =   5.000E-01  2.000E+00
    Periodicity =  T F
    Packing     =   1.000E+00  8.000E+00  1.000E+00

  **** Generating surface grid level  1
    Generating boundary domain linkage
    Mesh statistics:
      Area         =  1.000E+00
      # of points  =    1284
      # of edges   =    3844
      # of cells   =    2560
      # of boundary points =       8
      # of boundary edges  =       8
      # of boundary cells  =       8
    Resolution statistics:
      hmin =  2.398E-03
      hrms =  7.258E-02
      hmax =  1.250E-01
    Surface grounded at vertex       1


  **** Creating Lagrange FE space
    Order  =    1
    Minlev =   -1

Predicted Ha =   1.0000E+01
 Timestep       1  5.000000E-03    69     1       0.186    5.00E-03
 Timestep       2  1.000000E-02   195     1       0.249    5.00E-03
 Timestep       3  1.500000E-02   207     1       0.255    5.00E-03
 Timestep       4  2.000000E-02   110     1       0.204    5.00E-03
 Timestep       5  2.500000E-02   140     1       0.218    5.00E-03
 Timestep       6  3.000000E-02    85     1       0.193    5.00E-03
 Timestep       7  3.500000E-02   142     1       0.219    5.00E-03
 Timestep       8  4.000000E-02    82     1       0.196    5.00E-03
 Timestep       9  4.500000E-02    80     1       0.193    5.00E-03
 Timestep      10  5.000000E-02    56     1       0.175    5.00E-03
 Timestep      11  5.500000E-02    54     1       0.174    5.00E-03
 Timestep      12  6.000000E-02    38     1       0.168    5.00E-03
 Timestep      13  6.500000E-02    38     1       0.168    5.00E-03
 Timestep      14  7.000000E-02   109     1       0.203    5.00E-03
 Timestep      15  7.500000E-02    72     1       0.185    5.00E-03
 Timestep      16  8.000000E-02   800     1       0.561    5.00E-03
 Timestep      17  8.500000E-02   116     1       0.208    5.00E-03
 Timestep      18  9.000000E-02    85     1       0.194    5.00E-03
 Timestep      19  9.500000E-02    93     1       0.195    5.00E-03
 Timestep      20  1.000000E-01   120     1       0.211    5.00E-03
 Timestep      21  1.050000E-01   119     1       0.210    5.00E-03
 Timestep      22  1.100000E-01   120     1       0.210    5.00E-03
 Timestep      23  1.150000E-01   119     1       0.207    5.00E-03
 Timestep      24  1.200000E-01   122     1       0.208    5.00E-03
 Timestep      25  1.250000E-01   117     1       0.206    5.00E-03
 Timestep      26  1.300000E-01    85     1       0.191    5.00E-03
 Timestep      27  1.350000E-01    85     1       0.191    5.00E-03
 Timestep      28  1.400000E-01    84     1       0.191    5.00E-03
 Timestep      29  1.450000E-01    84     1       0.191    5.00E-03
 Timestep      30  1.500000E-01    86     1       0.194    5.00E-03
 Timestep      31  1.550000E-01    87     1       0.193    5.00E-03
 Timestep      32  1.600000E-01    86     1       0.191    5.00E-03
 Timestep      33  1.650000E-01    82     1       0.191    5.00E-03
 Timestep      34  1.700000E-01    77     1       0.187    5.00E-03
 Timestep      35  1.750000E-01    80     1       0.190    5.00E-03
 Timestep      36  1.800000E-01    55     1       0.174    5.00E-03
 Timestep      37  1.850000E-01    52     1       0.173    5.00E-03
 Timestep      38  1.900000E-01    52     1       0.172    5.00E-03
 Timestep      39  1.950000E-01    50     1       0.173    5.00E-03
 Timestep      40  2.000000E-01    47     1       0.171    5.00E-03
 Timestep      41  2.050000E-01    46     1       0.171    5.00E-03
 Timestep      42  2.100000E-01    44     1       0.171    5.00E-03
 Timestep      43  2.150000E-01    42     1       0.176    5.00E-03
 Timestep      44  2.200000E-01    40     1       0.170    5.00E-03
 Timestep      45  2.250000E-01    38     1       0.168    5.00E-03
 Timestep      46  2.300000E-01    39     1       0.169    5.00E-03
 Timestep      47  2.350000E-01    38     1       0.168    5.00E-03
 Timestep      48  2.400000E-01    37     1       0.167    5.00E-03
 Timestep      49  2.450000E-01    34     1       0.165    5.00E-03
 Timestep      50  2.500000E-01    32     1       0.163    5.00E-03
 Timestep      51  2.550000E-01    29     1       0.161    5.00E-03
 Timestep      52  2.600000E-01    28     1       0.161    5.00E-03
 Timestep      53  2.650000E-01    25     1       0.159    5.00E-03
 Timestep      54  2.700000E-01    25     1       0.159    5.00E-03
 Timestep      55  2.750000E-01    22     1       0.157    5.00E-03
 Timestep      56  2.800000E-01    22     1       0.157    5.00E-03
 Timestep      57  2.850000E-01    21     1       0.156    5.00E-03
 Timestep      58  2.900000E-01    19     1       0.156    5.00E-03
 Timestep      59  2.950000E-01    19     1       0.155    5.00E-03
 Timestep      60  3.000000E-01    17     1       0.155    5.00E-03
 Timestep      61  3.050000E-01    15     1       0.154    5.00E-03
 Timestep      62  3.100000E-01    14     1       0.154    5.00E-03
 Timestep      63  3.150000E-01    14     1       0.154    5.00E-03
 Timestep      64  3.200000E-01    14     1       0.154    5.00E-03
 Timestep      65  3.250000E-01    14     1       0.154    5.00E-03
 Timestep      66  3.300000E-01    14     1       0.153    5.00E-03
 Timestep      67  3.350000E-01    13     1       0.154    5.00E-03
 Timestep      68  3.400000E-01    13     1       0.153    5.00E-03
 Timestep      69  3.450000E-01    12     1       0.152    5.00E-03
 Timestep      70  3.500000E-01    12     1       0.152    5.00E-03
 Timestep      71  3.550000E-01    12     1       0.153    5.00E-03
 Timestep      72  3.600000E-01    12     1       0.153    5.00E-03
 Timestep      73  3.650000E-01    11     1       0.153    5.00E-03
 Timestep      74  3.700000E-01    10     1       0.152    5.00E-03
 Timestep      75  3.750000E-01    10     1       0.152    5.00E-03
 Timestep      76  3.800000E-01     9     1       0.152    5.00E-03
 Timestep      77  3.850000E-01    10     1       0.152    5.00E-03
 Timestep      78  3.900000E-01     9     1       0.151    5.00E-03
 Timestep      79  3.950000E-01     8     1       0.152    5.00E-03
 Timestep      80  4.000000E-01     9     1       0.151    5.00E-03
 Timestep      81  4.050000E-01     8     1       0.151    5.00E-03
 Timestep      82  4.100000E-01     9     1       0.151    5.00E-03
 Timestep      83  4.150000E-01     7     1       0.151    5.00E-03
 Timestep      84  4.200000E-01     7     1       0.151    5.00E-03
 Timestep      85  4.250000E-01     8     1       0.151    5.00E-03
 Timestep      86  4.300000E-01     6     1       0.151    5.00E-03
 Timestep      87  4.350000E-01     7     1       0.152    5.00E-03
 Timestep      88  4.400000E-01     6     1       0.151    5.00E-03
 Timestep      89  4.450000E-01     7     1       0.151    5.00E-03
 Timestep      90  4.500000E-01     6     1       0.151    5.00E-03
 Timestep      91  4.550000E-01     6     1       0.150    5.00E-03
 Timestep      92  4.600000E-01     6     1       0.151    5.00E-03
 Timestep      93  4.650000E-01     6     1       0.151    5.00E-03
 Timestep      94  4.700000E-01     6     1       0.151    5.00E-03
 Timestep      95  4.750000E-01     5     1       0.150    5.00E-03
 Timestep      96  4.800000E-01     6     1       0.151    5.00E-03
 Timestep      97  4.850000E-01     5     1       0.150    5.00E-03
 Timestep      98  4.900000E-01     5     1       0.150    5.00E-03
 Timestep      99  4.950000E-01     4     1       0.150    5.00E-03
 Timestep     100  5.000000E-01     5     1       0.154    5.00E-03
 Timestep     101  5.050000E-01     3     1       0.150    5.00E-03
 Timestep     102  5.100000E-01     5     1       0.150    5.00E-03
 Timestep     103  5.150000E-01     4     1       0.149    5.00E-03
 Timestep     104  5.200000E-01     5     1       0.151    5.00E-03
 Timestep     105  5.250000E-01     4     1       0.149    5.00E-03
 Timestep     106  5.300000E-01     4     1       0.150    5.00E-03
 Timestep     107  5.350000E-01     4     1       0.150    5.00E-03
 Timestep     108  5.400000E-01     4     1       0.150    5.00E-03
 Timestep     109  5.450000E-01     4     1       0.149    5.00E-03
 Timestep     110  5.500000E-01     3     1       0.150    5.00E-03
 Timestep     111  5.550000E-01     4     1       0.150    5.00E-03
 Timestep     112  5.600000E-01     3     1       0.150    5.00E-03
 Timestep     113  5.650000E-01     4     1       0.149    5.00E-03
 Timestep     114  5.700000E-01     2     1       0.149    5.00E-03
 Timestep     115  5.750000E-01     4     1       0.150    5.00E-03
 Timestep     116  5.800000E-01     3     1       0.149    5.00E-03
 Timestep     117  5.850000E-01     3     1       0.149    5.00E-03
 Timestep     118  5.900000E-01     4     1       0.149    5.00E-03
 Timestep     119  5.950000E-01     2     1       0.149    5.00E-03
 Timestep     120  6.000000E-01     2     1       0.150    5.00E-03
 Timestep     121  6.050000E-01     3     1       0.149    5.00E-03
 Timestep     122  6.100000E-01     3     1       0.149    5.00E-03
 Timestep     123  6.150000E-01     3     1       0.149    5.00E-03
 Timestep     124  6.200000E-01     4     1       0.150    5.00E-03
 Timestep     125  6.250000E-01     3     1       0.149    5.00E-03
 Timestep     126  6.300000E-01     4     1       0.150    5.00E-03
 Timestep     127  6.350000E-01     2     1       0.149    5.00E-03
 Timestep     128  6.400000E-01     2     1       0.149    5.00E-03
 Timestep     129  6.450000E-01     1     1       0.149    5.00E-03
 Timestep     130  6.500000E-01     3     1       0.150    5.00E-03
 Timestep     131  6.550000E-01     3     1       0.150    5.00E-03
 Timestep     132  6.600000E-01     4     1       0.150    5.00E-03
 Timestep     133  6.650000E-01     1     1       0.149    5.00E-03
 Timestep     134  6.700000E-01     1     1       0.149    5.00E-03
 Timestep     135  6.750000E-01     1     1       0.149    5.00E-03
 Timestep     136  6.800000E-01     1     1       0.149    5.00E-03
 Timestep     137  6.850000E-01     1     1       0.150    5.00E-03
 Timestep     138  6.900000E-01     1     1       0.149    5.00E-03
 Timestep     139  6.950000E-01     2     1       0.150    5.00E-03
 Timestep     140  7.000000E-01     4     1       0.150    5.00E-03
 Timestep     141  7.050000E-01     2     1       0.150    5.00E-03
 Timestep     142  7.100000E-01     4     1       0.150    5.00E-03
 Timestep     143  7.150000E-01     3     1       0.150    5.00E-03
 Timestep     144  7.200000E-01     4     1       0.150    5.00E-03
 Timestep     145  7.250000E-01     5     1       0.150    5.00E-03
 Timestep     146  7.300000E-01     4     1       0.150    5.00E-03
 Timestep     147  7.350000E-01     5     1       0.151    5.00E-03
 Timestep     148  7.400000E-01     5     1       0.150    5.00E-03
 Timestep     149  7.450000E-01     8     1       0.151    5.00E-03
 Timestep     150  7.500000E-01     3     1       0.150    5.00E-03
 Timestep     151  7.550000E-01     6     1       0.150    5.00E-03
 Timestep     152  7.600000E-01     7     1       0.150    5.00E-03
 Timestep     153  7.650000E-01     3     1       0.150    5.00E-03
 Timestep     154  7.700000E-01     5     1       0.150    5.00E-03
 Timestep     155  7.750000E-01     4     1       0.150    5.00E-03
 Timestep     156  7.800000E-01     5     1       0.150    5.00E-03
 Timestep     157  7.850000E-01     3     1       0.150    5.00E-03
 Timestep     158  7.900000E-01     3     1       0.150    5.00E-03
 Timestep     159  7.950000E-01     4     1       0.150    5.00E-03
 Timestep     160  8.000000E-01     3     1       0.149    5.00E-03
 Timestep     161  8.050000E-01     4     1       0.150    5.00E-03
 Timestep     162  8.100000E-01     5     1       0.151    5.00E-03
 Timestep     163  8.150000E-01     6     1       0.151    5.00E-03
 Timestep     164  8.200000E-01     7     1       0.151    5.00E-03
 Timestep     165  8.250000E-01     8     1       0.152    5.00E-03
 Timestep     166  8.300000E-01     7     1       0.151    5.00E-03
 Timestep     167  8.350000E-01     8     1       0.151    5.00E-03
 Timestep     168  8.400000E-01     3     1       0.150    5.00E-03
 Timestep     169  8.450000E-01     6     1       0.151    5.00E-03
 Timestep     170  8.500000E-01     4     1       0.150    5.00E-03
 Timestep     171  8.550000E-01     5     1       0.150    5.00E-03
 Timestep     172  8.600000E-01     4     1       0.151    5.00E-03
 Timestep     173  8.650000E-01     4     1       0.150    5.00E-03
 Timestep     174  8.700000E-01     5     1       0.152    5.00E-03
 Timestep     175  8.750000E-01     6     1       0.151    5.00E-03
 Timestep     176  8.800000E-01     5     1       0.150    5.00E-03
 Timestep     177  8.850000E-01     7     1       0.151    5.00E-03
 Timestep     178  8.900000E-01     9     1       0.152    5.00E-03
 Timestep     179  8.950000E-01     9     1       0.152    5.00E-03
 Timestep     180  9.000000E-01     7     1       0.151    5.00E-03
 Timestep     181  9.050000E-01     7     1       0.151    5.00E-03
 Timestep     182  9.100000E-01     5     1       0.162    5.00E-03
 Timestep     183  9.150000E-01     6     1       0.160    5.00E-03
 Timestep     184  9.200000E-01     4     1       0.160    5.00E-03
 Timestep     185  9.250000E-01     4     1       0.160    5.00E-03
 Timestep     186  9.300000E-01     4     1       0.160    5.00E-03
 Timestep     187  9.350000E-01     4     1       0.160    5.00E-03
 Timestep     188  9.400000E-01     4     1       0.159    5.00E-03
 Timestep     189  9.450000E-01     4     1       0.152    5.00E-03
 Timestep     190  9.500000E-01     5     1       0.152    5.00E-03
 Timestep     191  9.550000E-01     7     1       0.153    5.00E-03
 Timestep     192  9.600000E-01     8     1       0.152    5.00E-03
 Timestep     193  9.650000E-01     8     1       0.153    5.00E-03
 Timestep     194  9.700000E-01     8     1       0.152    5.00E-03
 Timestep     195  9.750000E-01     8     1       0.153    5.00E-03
 Timestep     196  9.800000E-01     7     1       0.152    5.00E-03
 Timestep     197  9.850000E-01     6     1       0.152    5.00E-03
 Timestep     198  9.900000E-01     4     1       0.152    5.00E-03
 Timestep     199  9.950000E-01     5     1       0.152    5.00E-03
 Timestep     200  1.000000E+00     2     1       0.151    5.00E-03
 Timestep     201  1.005000E+00     2     1       0.151    5.00E-03
 Timestep     202  1.010000E+00     2     1       0.150    5.00E-03
 Timestep     203  1.015000E+00     2     1       0.150    5.00E-03
 Timestep     204  1.020000E+00     3     1       0.150    5.00E-03
 Timestep     205  1.025000E+00     2     1       0.151    5.00E-03
 Timestep     206  1.030000E+00     1     1       0.150    5.00E-03
 Timestep     207  1.035000E+00     2     1       0.150    5.00E-03
 Timestep     208  1.040000E+00     2     1       0.151    5.00E-03
 Timestep     209  1.045000E+00     3     1       0.150    5.00E-03
 Timestep     210  1.050000E+00     3     1       0.150    5.00E-03
 Timestep     211  1.055000E+00     7     1       0.151    5.00E-03
 Timestep     212  1.060000E+00     7     1       0.151    5.00E-03
 Timestep     213  1.065000E+00     8     1       0.151    5.00E-03
 Timestep     214  1.070000E+00     9     1       0.154    5.00E-03
 Timestep     215  1.075000E+00    11     1       0.153    5.00E-03
 Timestep     216  1.080000E+00     9     1       0.152    5.00E-03
 Timestep     217  1.085000E+00     9     1       0.151    5.00E-03
 Timestep     218  1.090000E+00     3     1       0.150    5.00E-03
 Timestep     219  1.095000E+00     4     1       0.150    5.00E-03
 Timestep     220  1.100000E+00     5     1       0.150    5.00E-03
 Timestep     221  1.105000E+00     6     1       0.151    5.00E-03
 Timestep     222  1.110000E+00     7     1       0.151    5.00E-03
 Timestep     223  1.115000E+00     9     1       0.152    5.00E-03
 Timestep     224  1.120000E+00    10     1       0.152    5.00E-03
 Timestep     225  1.125000E+00     9     1       0.154    5.00E-03
 Timestep     226  1.130000E+00     8     1       0.153    5.00E-03
 Timestep     227  1.135000E+00     7     1       0.151    5.00E-03
 Timestep     228  1.140000E+00     6     1       0.151    5.00E-03
 Timestep     229  1.145000E+00     4     1       0.150    5.00E-03
 Timestep     230  1.150000E+00     3     1       0.150    5.00E-03
 Timestep     231  1.155000E+00     3     1       0.150    5.00E-03
 Timestep     232  1.160000E+00     3     1       0.150    5.00E-03
 Timestep     233  1.165000E+00     3     1       0.150    5.00E-03
 Timestep     234  1.170000E+00     4     1       0.151    5.00E-03
 Timestep     235  1.175000E+00     2     1       0.150    5.00E-03
 Timestep     236  1.180000E+00     2     1       0.150    5.00E-03
 Timestep     237  1.185000E+00     4     1       0.150    5.00E-03
 Timestep     238  1.190000E+00     8     1       0.152    5.00E-03
 Timestep     239  1.195000E+00     9     1       0.152    5.00E-03
 Timestep     240  1.200000E+00    10     1       0.153    5.00E-03
 Timestep     241  1.205000E+00    10     1       0.153    5.00E-03
 Timestep     242  1.210000E+00     7     1       0.152    5.00E-03
 Timestep     243  1.215000E+00     8     1       0.151    5.00E-03
 Timestep     244  1.220000E+00     4     1       0.150    5.00E-03
 Timestep     245  1.225000E+00     4     1       0.150    5.00E-03
 Timestep     246  1.230000E+00     5     1       0.151    5.00E-03
 Timestep     247  1.235000E+00     3     1       0.150    5.00E-03
 Timestep     248  1.240000E+00     4     1       0.151    5.00E-03
 Timestep     249  1.245000E+00     3     1       0.150    5.00E-03
 Timestep     250  1.250000E+00     5     1       0.151    5.00E-03
 Timestep     251  1.255000E+00     7     1       0.151    5.00E-03
 Timestep     252  1.260000E+00     9     1       0.152    5.00E-03
 Timestep     253  1.265000E+00     8     1       0.151    5.00E-03
 Timestep     254  1.270000E+00    10     1       0.152    5.00E-03
 Timestep     255  1.275000E+00     6     1       0.151    5.00E-03
 Timestep     256  1.280000E+00     8     1       0.151    5.00E-03
 Timestep     257  1.285000E+00     4     1       0.152    5.00E-03
 Timestep     258  1.290000E+00     3     1       0.150    5.00E-03
 Timestep     259  1.295000E+00     5     1       0.151    5.00E-03
 Timestep     260  1.300000E+00     3     1       0.151    5.00E-03
 Timestep     261  1.305000E+00     2     1       0.150    5.00E-03
 Timestep     262  1.310000E+00     3     1       0.150    5.00E-03
 Timestep     263  1.315000E+00     4     1       0.151    5.00E-03
 Timestep     264  1.320000E+00     3     1       0.150    5.00E-03
 Timestep     265  1.325000E+00     5     1       0.150    5.00E-03
 Timestep     266  1.330000E+00     6     1       0.151    5.00E-03
 Timestep     267  1.335000E+00     8     1       0.151    5.00E-03
 Timestep     268  1.340000E+00     9     1       0.152    5.00E-03
 Timestep     269  1.345000E+00     9     1       0.152    5.00E-03
 Timestep     270  1.350000E+00     8     1       0.152    5.00E-03
 Timestep     271  1.355000E+00     7     1       0.152    5.00E-03
 Timestep     272  1.360000E+00     7     1       0.152    5.00E-03
 Timestep     273  1.365000E+00     4     1       0.151    5.00E-03
 Timestep     274  1.370000E+00     4     1       0.150    5.00E-03
 Timestep     275  1.375000E+00     5     1       0.151    5.00E-03
 Timestep     276  1.380000E+00     2     1       0.150    5.00E-03
 Timestep     277  1.385000E+00     2     1       0.150    5.00E-03
 Timestep     278  1.390000E+00     3     1       0.150    5.00E-03
 Timestep     279  1.395000E+00     3     1       0.150    5.00E-03
 Timestep     280  1.400000E+00     7     1       0.151    5.00E-03
 Timestep     281  1.405000E+00     9     1       0.152    5.00E-03
 Timestep     282  1.410000E+00    10     1       0.152    5.00E-03
 Timestep     283  1.415000E+00    11     1       0.153    5.00E-03
 Timestep     284  1.420000E+00     9     1       0.152    5.00E-03
 Timestep     285  1.425000E+00     9     1       0.152    5.00E-03
 Timestep     286  1.430000E+00     5     1       0.151    5.00E-03
 Timestep     287  1.435000E+00     6     1       0.151    5.00E-03
 Timestep     288  1.440000E+00     4     1       0.151    5.00E-03
 Timestep     289  1.445000E+00     4     1       0.150    5.00E-03
 Timestep     290  1.450000E+00     4     1       0.151    5.00E-03
 Timestep     291  1.455000E+00     3     1       0.150    5.00E-03
 Timestep     292  1.460000E+00     4     1       0.150    5.00E-03
 Timestep     293  1.465000E+00     3     1       0.150    5.00E-03
 Timestep     294  1.470000E+00     6     1       0.150    5.00E-03
 Timestep     295  1.475000E+00     7     1       0.151    5.00E-03
 Timestep     296  1.480000E+00     9     1       0.152    5.00E-03
 Timestep     297  1.485000E+00    10     1       0.153    5.00E-03
 Timestep     298  1.490000E+00     8     1       0.152    5.00E-03
 Timestep     299  1.495000E+00     9     1       0.152    5.00E-03
 Timestep     300  1.500000E+00     3     1       0.150    5.00E-03
 Timestep     301  1.505000E+00     4     1       0.150    5.00E-03
 Timestep     302  1.510000E+00     5     1       0.150    5.00E-03
 Timestep     303  1.515000E+00     5     1       0.150    5.00E-03
 Timestep     304  1.520000E+00     5     1       0.151    5.00E-03
 Timestep     305  1.525000E+00     6     1       0.151    5.00E-03
 Timestep     306  1.530000E+00     7     1       0.151    5.00E-03
 Timestep     307  1.535000E+00     8     1       0.152    5.00E-03
 Timestep     308  1.540000E+00     9     1       0.152    5.00E-03
 Timestep     309  1.545000E+00     8     1       0.152    5.00E-03
 Timestep     310  1.550000E+00     7     1       0.151    5.00E-03
 Timestep     311  1.555000E+00     7     1       0.152    5.00E-03
 Timestep     312  1.560000E+00     6     1       0.151    5.00E-03
 Timestep     313  1.565000E+00     6     1       0.151    5.00E-03
 Timestep     314  1.570000E+00     5     1       0.151    5.00E-03
 Timestep     315  1.575000E+00     4     1       0.150    5.00E-03
 Timestep     316  1.580000E+00     4     1       0.150    5.00E-03
 Timestep     317  1.585000E+00     3     1       0.150    5.00E-03
 Timestep     318  1.590000E+00     4     1       0.150    5.00E-03
 Timestep     319  1.595000E+00     2     1       0.150    5.00E-03
 Timestep     320  1.600000E+00     3     1       0.150    5.00E-03
 Timestep     321  1.605000E+00     2     1       0.150    5.00E-03
 Timestep     322  1.610000E+00     4     1       0.150    5.00E-03
 Timestep     323  1.615000E+00     5     1       0.151    5.00E-03
 Timestep     324  1.620000E+00     7     1       0.152    5.00E-03
 Timestep     325  1.625000E+00     8     1       0.152    5.00E-03
 Timestep     326  1.630000E+00     8     1       0.152    5.00E-03
 Timestep     327  1.635000E+00     9     1       0.152    5.00E-03
 Timestep     328  1.640000E+00     9     1       0.152    5.00E-03
 Timestep     329  1.645000E+00     8     1       0.151    5.00E-03
 Timestep     330  1.650000E+00     4     1       0.150    5.00E-03
 Timestep     331  1.655000E+00     3     1       0.151    5.00E-03
 Timestep     332  1.660000E+00     5     1       0.151    5.00E-03
 Timestep     333  1.665000E+00     3     1       0.150    5.00E-03
 Timestep     334  1.670000E+00     2     1       0.150    5.00E-03
 Timestep     335  1.675000E+00     4     1       0.150    5.00E-03
 Timestep     336  1.680000E+00     6     1       0.150    5.00E-03
 Timestep     337  1.685000E+00     9     1       0.152    5.00E-03
 Timestep     338  1.690000E+00     9     1       0.152    5.00E-03
 Timestep     339  1.695000E+00    11     1       0.153    5.00E-03
 Timestep     340  1.700000E+00    10     1       0.153    5.00E-03
 Timestep     341  1.705000E+00     8     1       0.151    5.00E-03
 Timestep     342  1.710000E+00     8     1       0.152    5.00E-03
 Timestep     343  1.715000E+00     5     1       0.151    5.00E-03
 Timestep     344  1.720000E+00     4     1       0.150    5.00E-03
 Timestep     345  1.725000E+00     4     1       0.150    5.00E-03
 Timestep     346  1.730000E+00     4     1       0.150    5.00E-03
 Timestep     347  1.735000E+00     3     1       0.151    5.00E-03
 Timestep     348  1.740000E+00     4     1       0.151    5.00E-03
Note: The following floating-point exceptions are signalling: IEEE_UNDERFLOW_FLAG IEEE_DENORMAL
 Timestep     349  1.745000E+00     3     1       0.151    5.00E-03
 Timestep     350  1.750000E+00     4     1       0.151    5.00E-03
 Timestep     351  1.755000E+00     5     1       0.150    5.00E-03
 Timestep     352  1.760000E+00     8     1       0.152    5.00E-03
 Timestep     353  1.765000E+00     9     1       0.152    5.00E-03
 Timestep     354  1.770000E+00    10     1       0.152    5.00E-03
 Timestep     355  1.775000E+00     8     1       0.152    5.00E-03
 Timestep     356  1.780000E+00     9     1       0.152    5.00E-03
 Timestep     357  1.785000E+00     5     1       0.151    5.00E-03
 Timestep     358  1.790000E+00     4     1       0.150    5.00E-03
 Timestep     359  1.795000E+00     5     1       0.150    5.00E-03
 Timestep     360  1.800000E+00     4     1       0.150    5.00E-03
 Timestep     361  1.805000E+00     6     1       0.150    5.00E-03
 Timestep     362  1.810000E+00     5     1       0.151    5.00E-03
 Timestep     363  1.815000E+00     7     1       0.151    5.00E-03
 Timestep     364  1.820000E+00     9     1       0.153    5.00E-03
 Timestep     365  1.825000E+00     9     1       0.152    5.00E-03
 Timestep     366  1.830000E+00     9     1       0.151    5.00E-03
 Timestep     367  1.835000E+00     7     1       0.151    5.00E-03
 Timestep     368  1.840000E+00     7     1       0.151    5.00E-03
 Timestep     369  1.845000E+00     5     1       0.150    5.00E-03
 Timestep     370  1.850000E+00     6     1       0.151    5.00E-03
 Timestep     371  1.855000E+00     4     1       0.151    5.00E-03
 Timestep     372  1.860000E+00     4     1       0.151    5.00E-03
 Timestep     373  1.865000E+00     3     1       0.150    5.00E-03
 Timestep     374  1.870000E+00     4     1       0.150    5.00E-03
 Timestep     375  1.875000E+00     2     1       0.150    5.00E-03
 Timestep     376  1.880000E+00     3     1       0.151    5.00E-03
 Timestep     377  1.885000E+00     4     1       0.150    5.00E-03
 Timestep     378  1.890000E+00     5     1       0.151    5.00E-03
 Timestep     379  1.895000E+00     7     1       0.151    5.00E-03
 Timestep     380  1.900000E+00     7     1       0.151    5.00E-03
 Timestep     381  1.905000E+00     7     1       0.151    5.00E-03
 Timestep     382  1.910000E+00     8     1       0.151    5.00E-03
 Timestep     383  1.915000E+00     7     1       0.151    5.00E-03
 Timestep     384  1.920000E+00     7     1       0.151    5.00E-03
 Timestep     385  1.925000E+00     6     1       0.151    5.00E-03
 Timestep     386  1.930000E+00     6     1       0.151    5.00E-03
 Timestep     387  1.935000E+00     3     1       0.149    5.00E-03
 Timestep     388  1.940000E+00     2     1       0.150    5.00E-03
 Timestep     389  1.945000E+00     3     1       0.150    5.00E-03
 Timestep     390  1.950000E+00     3     1       0.150    5.00E-03
 Timestep     391  1.955000E+00     3     1       0.150    5.00E-03
 Timestep     392  1.960000E+00     3     1       0.150    5.00E-03
 Timestep     393  1.965000E+00     5     1       0.151    5.00E-03
 Timestep     394  1.970000E+00     8     1       0.151    5.00E-03
 Timestep     395  1.975000E+00     9     1       0.152    5.00E-03
 Timestep     396  1.980000E+00    11     1       0.153    5.00E-03
 Timestep     397  1.985000E+00    10     1       0.152    5.00E-03
 Timestep     398  1.990000E+00     8     1       0.151    5.00E-03
 Timestep     399  1.995000E+00     6     1       0.152    5.00E-03
 Timestep     400  2.000000E+00     6     1       0.151    5.00E-03
Wrote hartmann_mug.profile (1445 points)

#----------------------------------------------
Run Complete
Run Duration =   6.303E+01

====== MPI Times (Avg, Min, Max) ======
Barrier   =   8.197E-03  8.197E-03  8.197E-03
WaitAny   =   0.000E+00  0.000E+00  0.000E+00
WaitAll   =   0.000E+00  0.000E+00  0.000E+00
AllReduce =   1.059E-02  1.059E-02  1.059E-02
#----------------------------------------------
EXIT=0
